2026-08-22 18:48:24,155 - INFO - Starting Market Harvester Pipeline...
2026-08-22 18:48:24,157 - INFO - API_TOKEN verified successfully. Proceeding to extraction...
2026-08-22 18:48:24,453 - INFO - Successfully retrieved response for page no. 1!
2026-08-22 18:48:24,453 - INFO - Harvested 10 records from page 1
2026-08-22 18:48:25,754 - INFO - Successfully retrieved response for page no. 2!
2026-08-22 18:48:25,755 - INFO - Harvested 10 records from page 2
2026-08-22 18:48:27,033 - INFO - Successfully retrieved response for page no. 3!
2026-08-22 18:48:27,033 - INFO - Harvested 10 records from page 3
2026-08-22 18:48:28,487 - INFO - Successfully retrieved response for page no. 4!
2026-08-22 18:48:28,488 - INFO - Harvested 10 records from page 4
2026-08-22 18:48:29,816 - INFO - Successfully retrieved response for page no. 5!
2026-08-22 18:48:29,816 - INFO - Harvested 10 records from page 5
2026-08-22 18:48:31,926 - INFO - Successfully retrieved response for page no. 6!
2026-08-22 18:48:31,926 - INFO - Harvested 10 records from page 6
2026-08-22 18:48:34,107 - INFO - Successfully retrieved response for page no. 7!
2026-08-22 18:48:34,107 - INFO - Harvested 10 records from page 7
2026-08-22 18:48:36,187 - INFO - Successfully retrieved response for page no. 8!
2026-08-22 18:48:36,188 - INFO - Harvested 10 records from page 8
2026-08-22 18:48:38,220 - INFO - Successfully retrieved response for page no. 9!
2026-08-22 18:48:38,221 - INFO - Harvested 10 records from page 9
2026-08-22 18:48:40,415 - INFO - Successfully retrieved response for page no. 10!
2026-08-22 18:48:40,415 - INFO - Harvested 10 records from page 10
2026-08-22 18:48:42,469 - INFO - Successfully retrieved response for page no. 11!
2026-08-22 18:48:42,470 - INFO - Harvested 0 records from page 11
2026-08-22 18:48:43,470 - INFO - Finished harvesting ! , total pages crawled : 10
2026-08-22 18:48:43,471 - INFO - successfully created list of cleaned posts
2026-08-22 18:48:43,472 - INFO - The average body length for each of the post is : 160.64
2026-08-22 18:48:43,475 - INFO - successfully saved the processed data in a json file
2026-08-22 18:48:43,476 - INFO - successfully generated the summary text file
2026-08-22 18:48:43,477 - INFO - Market Harvester Pipeline completed successfully!