2026-08-28 12:49:28,246 - AlertPipeline - INFO - 📥 Received Webhook Event ID: EVT-6276 from PaymentGateway [CRITICAL]
2026-08-28 12:49:28,248 - AlertPipeline - INFO - 🚀 Dispatching alert EVT-6276 to Deadpool Telegram channel...
2026-08-28 12:49:29,061 - AlertPipeline - INFO - ✅ Successfully dispatched event EVT-6276!
2026-08-28 12:49:31,091 - AlertPipeline - INFO - 📥 Received Webhook Event ID: EVT-4164 from Stripe [LOW]
2026-08-28 12:49:31,091 - AlertPipeline - INFO - 🚀 Dispatching alert EVT-4164 to Deadpool Telegram channel...
2026-08-28 12:49:31,821 - AlertPipeline - INFO - ✅ Successfully dispatched event EVT-4164!
2026-08-28 12:49:33,832 - AlertPipeline - INFO - 📥 Received Webhook Event ID: EVT-2863 from Stripe [LOW]
2026-08-28 12:49:33,832 - AlertPipeline - INFO - 🚀 Dispatching alert EVT-2863 to Deadpool Telegram channel...
2026-08-28 12:49:34,614 - AlertPipeline - INFO - ✅ Successfully dispatched event EVT-2863!
2026-08-28 12:49:36,622 - AlertPipeline - INFO - 📥 Received Webhook Event ID: EVT-4000 from AuthService [MEDIUM]
2026-08-28 12:49:36,623 - AlertPipeline - INFO - 🚀 Dispatching alert EVT-4000 to Deadpool Telegram channel...
2026-08-28 12:49:37,419 - AlertPipeline - INFO - ✅ Successfully dispatched event EVT-4000!
2026-08-28 12:49:39,446 - AlertPipeline - INFO - 📥 Received Webhook Event ID: EVT-7029 from PaymentGateway [HIGH]
2026-08-28 12:49:39,448 - AlertPipeline - INFO - 🚀 Dispatching alert EVT-7029 to Deadpool Telegram channel...
2026-08-28 12:49:40,204 - AlertPipeline - INFO - ✅ Successfully dispatched event EVT-7029!
2026-08-28 12:50:57,447 - AlertPipeline - INFO - 📥 Received Webhook Event ID: EVT-4977 from Database [HIGH]
2026-08-28 12:50:57,448 - AlertPipeline - INFO - 🚀 Dispatching alert EVT-4977 to Deadpool Telegram channel...
2026-08-28 12:50:57,690 - AlertPipeline - ERROR - 📡 Telegram Network Failure for EVT-4977: HTTPSConnectionPool(host='api.brokentelegram.org', port=443): Max retries exceeded with url: /bot8861415316:AAHWlDQ-rpOSBaERJEU6lRYDCgIp5fAx7Z8/sendMessage (Caused by NameResolutionError("HTTPSConnection(host='api.brokentelegram.org', port=443): Failed to resolve 'api.brokentelegram.org' ([Errno 11001] getaddrinfo failed)"))
2026-08-28 12:50:59,754 - AlertPipeline - INFO - 📥 Received Webhook Event ID: EVT-7778 from KubernetesNode [MEDIUM]
2026-08-28 12:50:59,758 - AlertPipeline - INFO - 🚀 Dispatching alert EVT-7778 to Deadpool Telegram channel...
2026-08-28 12:50:59,792 - AlertPipeline - ERROR - 📡 Telegram Network Failure for EVT-7778: HTTPSConnectionPool(host='api.brokentelegram.org', port=443): Max retries exceeded with url: /bot8861415316:AAHWlDQ-rpOSBaERJEU6lRYDCgIp5fAx7Z8/sendMessage (Caused by NameResolutionError("HTTPSConnection(host='api.brokentelegram.org', port=443): Failed to resolve 'api.brokentelegram.org' ([Errno 11001] getaddrinfo failed)"))
2026-08-28 12:51:01,805 - AlertPipeline - INFO - 📥 Received Webhook Event ID: EVT-8149 from PaymentGateway [HIGH]
2026-08-28 12:51:01,805 - AlertPipeline - INFO - 🚀 Dispatching alert EVT-8149 to Deadpool Telegram channel...
2026-08-28 12:51:01,834 - AlertPipeline - ERROR - 📡 Telegram Network Failure for EVT-8149: HTTPSConnectionPool(host='api.brokentelegram.org', port=443): Max retries exceeded with url: /bot8861415316:AAHWlDQ-rpOSBaERJEU6lRYDCgIp5fAx7Z8/sendMessage (Caused by NameResolutionError("HTTPSConnection(host='api.brokentelegram.org', port=443): Failed to resolve 'api.brokentelegram.org' ([Errno 11001] getaddrinfo failed)"))
2026-08-28 12:51:03,879 - AlertPipeline - INFO - 📥 Received Webhook Event ID: EVT-9630 from Database [CRITICAL]
2026-08-28 12:51:03,880 - AlertPipeline - INFO - 🚀 Dispatching alert EVT-9630 to Deadpool Telegram channel...
2026-08-28 12:51:03,895 - AlertPipeline - ERROR - 📡 Telegram Network Failure for EVT-9630: HTTPSConnectionPool(host='api.brokentelegram.org', port=443): Max retries exceeded with url: /bot8861415316:AAHWlDQ-rpOSBaERJEU6lRYDCgIp5fAx7Z8/sendMessage (Caused by NameResolutionError("HTTPSConnection(host='api.brokentelegram.org', port=443): Failed to resolve 'api.brokentelegram.org' ([Errno 11001] getaddrinfo failed)"))
2026-08-28 12:51:05,907 - AlertPipeline - INFO - 📥 Received Webhook Event ID: EVT-1827 from PaymentGateway [HIGH]
2026-08-28 12:51:05,907 - AlertPipeline - INFO - 🚀 Dispatching alert EVT-1827 to Deadpool Telegram channel...
2026-08-28 12:51:05,921 - AlertPipeline - ERROR - 📡 Telegram Network Failure for EVT-1827: HTTPSConnectionPool(host='api.brokentelegram.org', port=443): Max retries exceeded with url: /bot8861415316:AAHWlDQ-rpOSBaERJEU6lRYDCgIp5fAx7Z8/sendMessage (Caused by NameResolutionError("HTTPSConnection(host='api.brokentelegram.org', port=443): Failed to resolve 'api.brokentelegram.org' ([Errno 11001] getaddrinfo failed)"))
